Loading 2013-2015 data...
Front-month rows: 953,581  2013-01-02 → 2015-12-31
Bars: 953,581  segments: 13
/home/user/discretion-study/scripts/feature_engine.py:89: RuntimeWarning: invalid value encountered in divide
  atr = rma(tr); pdi = np.where(atr > 0, 100 * rma(pdm) / atr, 0.0)
/home/user/discretion-study/scripts/feature_engine.py:90: RuntimeWarning: invalid value encountered in divide
  ndi = np.where(atr > 0, 100 * rma(ndm) / atr, 0.0)
/home/user/discretion-study/scripts/feature_engine.py:91: RuntimeWarning: invalid value encountered in divide
  dx = np.where((pdi + ndi) > 0, 100 * np.abs(pdi - ndi) / (pdi + ndi), 0.0)
  seg00  2013-01-02 → 2013-03-07  bars= 55,488  cands= 286  total_sim=  286
  seg01  2013-03-08 → 2013-06-13  bars= 84,169  cands= 355  total_sim=  641
  seg02  2013-06-14 → 2013-09-12  bars= 78,803  cands= 347  total_sim=  988
  seg03  2013-09-13 → 2013-12-12  bars= 80,188  cands= 384  total_sim= 1372
  seg04  2013-12-13 → 2014-03-13  bars= 75,025  cands= 431  total_sim= 1803
  seg05  2014-03-14 → 2014-06-11  bars= 78,230  cands= 462  total_sim= 2265
  seg06  2014-06-15 → 2014-09-11  bars= 77,808  cands= 337  total_sim= 2602
  seg07  2014-09-12 → 2014-12-11  bars= 79,136  cands= 322  total_sim= 2924
  seg08  2014-12-12 → 2015-03-12  bars= 77,965  cands= 349  total_sim= 3273
  seg09  2015-03-13 → 2015-06-11  bars= 80,075  cands= 342  total_sim= 3615
  seg10  2015-06-12 → 2015-09-10  bars= 83,785  cands= 326  total_sim= 3941
  seg11  2015-09-11 → 2015-12-10  bars= 85,360  cands= 287  total_sim= 4228
  seg12  2015-12-11 → 2015-12-31  bars= 17,549  cands=  34  total_sim= 4262

Raw trades (pre-occupancy): 4,262
After occupancy: sim=1862  lim=2825

============================================================
FILL COMPARISON  OOS 2013-2015  BE30  |z|<1  0.7RR  GROSS
============================================================

────────────────────────────────────────────────────────────
A) SIM FILL  (bar open — conservative baseline)
────────────────────────────────────────────────────────────

 Year      n        PF        net    win%
  2013    630    1.5315     +224.4R   68.4%
  2014    651    1.7596     +297.9R   70.7%
  2015    581    1.6718     +244.7R   69.9%
--------------------------------------------------
  TOTAL  1862    1.6507     +766.9R   69.7%
  /wk=11.9  MDD=-21.9R  green=3/3  T=1297  S=565  t=0

────────────────────────────────────────────────────────────
B) LIMIT FILL  (zone_hi for long, zone_lo for short)
────────────────────────────────────────────────────────────

 Year      n        PF        net    win%
  2013    972    5.0974    +1027.3R   87.7%
  2014   1010    4.5895    +1023.0R   86.3%
  2015    843    5.1149     +890.6R   87.5%
--------------------------------------------------
  TOTAL  2825    4.9100    +2940.9R   87.2%
  /wk=18.1  MDD=-12.9R  green=3/3  T=2462  S=363  t=0

────────────────────────────────────────────────────────────
FILL ANALYSIS
────────────────────────────────────────────────────────────
  Trades where fills differ:  1862 / 1862  (100.0%)
  Avg improvement when differ: 368.91 pts  (18.45 NQ ticks)
  Net R gain over full period: +1117.9R
  Net R difference:  lim=+2940.9R  sim=+766.9R  Δ=+2173.9R
  Per-trade avg R gain: +0.6004R

Done.
